FILENAME	NUMSEQ	TOTAL	MIN	AVG	MAX
empty_file	0	0	-	-	-
