FILENAME	NUMSEQ	TOTAL	MIN	AVG	MAX
one_sequence.fasta	1	237	237	237	237
