FILENAME	NUMSEQ	TOTAL	MIN	AVG	MAX
two_sequence.fasta	1	237	237	237	237
