FILENAME	NUMSEQ	TOTAL	MIN	AVG	MAX
two_sequence.fasta	0	0	-	-	-
