FILENAME	NUMSEQ	TOTAL	MIN	AVG	MAX
two_sequence.fasta	2	357	120	178	237
