FILENAME	NUMSEQ	TOTAL	MIN	AVG	MAX
stdin	1	237	237	237	237
